// Jest Snapshot v1, https://goo.gl/fbAQLP

exports[`<FieldBase /> Render the component with 'Usuário' label text 1`] = `
<DocumentFragment>
  <fieldset
    class="FieldBase"
  >
    <label
      class="FieldBase-label"
      for="user"
    >
      Usuário
    </label>
    <input
      id="user"
      label="Usuário"
      value=""
    />
  </fieldset>
</DocumentFragment>
`;
